EleutherAI/pythia-1.4b  core 1408
  R^2 true {'knn5': 0.0363136171985996, 'knn20': 0.013045299153735757, 'ols': -0.06663647729214062, 'mlp': -0.07162695204505942}
  R^2 shuffled knn5 [-0.1977, -0.1964, -0.2039, -0.2004, -0.2026] mlp [-0.0672, -0.0673, -0.0676, -0.0676, -0.0677]
  geometry Spearman true -0.0235 shuffled [-0.0003, -0.0002, -0.0006, 0.0005, 0.0]
EleutherAI/pythia-2.8b  core 1344
  R^2 true {'knn5': 0.03199927907221023, 'knn20': 0.011332755459919519, 'ols': -0.06322954620655152, 'mlp': -0.04387248787493703}
  R^2 shuffled knn5 [-0.1975, -0.2003, -0.202, -0.2006, -0.2022] mlp [-0.0438, -0.0437, -0.0436, -0.0437, -0.0439]
  geometry Spearman true -0.0301 shuffled [0.0001, -0.0, 0.0007, 0.0005, -0.0002]
EleutherAI/pythia-6.9b  core 2048
  R^2 true {'knn5': -0.056348253173470475, 'knn20': -0.016937394938093542, 'ols': -0.09880033331844906, 'mlp': -0.05302209111358569}
  R^2 shuffled knn5 [-0.2, -0.1981, -0.204, -0.2014, -0.2024] mlp [-0.0439, -0.0436, -0.0438, -0.0436, -0.0437]
  geometry Spearman true -0.0315 shuffled [0.0006, -0.0006, -0.0009, 0.0006, 0.0]
EleutherAI/pythia-12b  core 2048
  R^2 true {'knn5': -0.05384154417272513, 'knn20': -0.013267314354131532, 'ols': -0.09881013599433919, 'mlp': -0.04379336087757468}
  R^2 shuffled knn5 [-0.1994, -0.2009, -0.2024, -0.2007, -0.2025] mlp [-0.0347, -0.0347, -0.0344, -0.0344, -0.0345]
  geometry Spearman true -0.0325 shuffled [-0.0003, -0.0005, -0.0002, -0.0, -0.0002]
# Is the input tail a nonlinear echo of the core? (Pythia 1.4B-12B)

Held-out R^2 of the tail predicted from the core (pooled over tail coordinates). Shuffled: mean
[min, max] over 5 permutations. Geometry: Spearman correlation of pairwise cosines, core vs tail,
over the evaluation-text tokens.

| Model | core / tail dims | kNN-5 R^2 | shuffled | kNN-20 R^2 | shuffled | MLP R^2 | shuffled | OLS R^2 | shuffled |
|---|---|---|---|---|---|---|---|---|---|
| pythia-1.4b | 1408 / 640 | +0.0363 | -0.2002 [-0.2039, -0.1964] | +0.0130 | -0.0500 [-0.0509, -0.0489] | -0.0716 | -0.0675 [-0.0677, -0.0672] | -0.0666 | -0.0362 [-0.0363, -0.0360] |
| pythia-2.8b | 1344 / 1216 | +0.0320 | -0.2005 [-0.2022, -0.1975] | +0.0113 | -0.0502 [-0.0507, -0.0495] | -0.0439 | -0.0437 [-0.0439, -0.0436] | -0.0632 | -0.0346 [-0.0346, -0.0345] |
| pythia-6.9b | 2048 / 2048 | -0.0563 | -0.2012 [-0.2040, -0.1981] | -0.0169 | -0.0503 [-0.0511, -0.0496] | -0.0530 | -0.0437 [-0.0439, -0.0436] | -0.0988 | -0.0536 [-0.0538, -0.0534] |
| pythia-12b | 2048 / 3072 | -0.0538 | -0.2012 [-0.2025, -0.1994] | -0.0133 | -0.0503 [-0.0507, -0.0500] | -0.0438 | -0.0345 [-0.0347, -0.0344] | -0.0988 | -0.0536 [-0.0537, -0.0535] |

| Model | tokens | geometry Spearman (true) | shuffled |
|---|---|---|---|
| pythia-1.4b | 3536 | -0.0235 | -0.0001 [-0.0006, +0.0005] |
| pythia-2.8b | 3536 | -0.0301 | +0.0002 [-0.0002, +0.0007] |
| pythia-6.9b | 3536 | -0.0315 | -0.0001 [-0.0009, +0.0006] |
| pythia-12b | 3536 | -0.0325 | -0.0003 [-0.0005, -0.0000] |
