EleutherAI/pythia-1.4b  core 1408
  eps 2    (2) surface tail I 15.57 I_B 14.662 | shuffled I_B 14.666 | random I_B 14.704 | R 15.57 | reading a
  eps 2    (2) role    tail I 14.50 I_B 2.283 | shuffled I_B 2.282 | random I_B 2.295 | R 14.49 | reading a
  eps 4    (4) surface tail I 10.26 I_B 9.396 | shuffled I_B 9.492 | random I_B 9.729 | R 10.26 | reading a
  eps 4    (4) role    tail I 10.29 I_B 0.860 | shuffled I_B 0.823 | random I_B 0.812 | R 10.28 | reading a
  eps 8    (8) surface tail I 2.71 I_B 2.186 | shuffled I_B 2.203 | random I_B 2.316 | R 2.24 | reading a
  eps 8    (8) role    tail I 2.88 I_B 0.071 | shuffled I_B 0.059 | random I_B 0.060 | R 2.45 | reading a
  eps res  (3.96) surface tail I 10.42 I_B 9.559 | shuffled I_B 9.653 | random I_B 9.894 | R 10.42 | reading a
  eps res  (3.96) role    tail I 10.43 I_B 0.893 | shuffled I_B 0.858 | random I_B 0.846 | R 10.43 | reading a
/Users/andyhunter/repositories/ariadne/experiments/c-empty-dimensions/tail_identity.py:108: RuntimeWarning: invalid value encountered in scalar divide
  gaps = [(t["I_B"] - x["I_B"]) / math.hypot(t["I_B_se"], x["I_B_se"]) for x in sh]
  eps prec (0.000207) surface tail I 15.62 I_B 14.706 | shuffled I_B 14.706 | random I_B 14.706 | R 15.62 | reading mixed
  eps prec (0.000207) role    tail I 14.56 I_B 2.295 | shuffled I_B 2.295 | random I_B 2.295 | R 14.56 | reading mixed
EleutherAI/pythia-2.8b  core 1344
  eps 2    (2) surface tail I 15.61 I_B 14.698 | shuffled I_B 14.696 | random I_B 14.706 | R 15.61 | reading a
  eps 2    (2) role    tail I 14.54 I_B 2.295 | shuffled I_B 2.292 | random I_B 2.295 | R 14.53 | reading a
  eps 4    (4) surface tail I 14.21 I_B 13.308 | shuffled I_B 13.301 | random I_B 13.582 | R 14.21 | reading a
  eps 4    (4) role    tail I 13.63 I_B 1.881 | shuffled I_B 1.840 | random I_B 1.887 | R 13.62 | reading mixed
  eps 8    (8) surface tail I 4.85 I_B 4.173 | shuffled I_B 4.128 | random I_B 4.201 | R 4.51 | reading a
  eps 8    (8) role    tail I 5.11 I_B 0.168 | shuffled I_B 0.126 | random I_B 0.103 | R 4.77 | reading a
  eps res  (4.1) surface tail I 13.98 I_B 13.073 | shuffled I_B 13.065 | random I_B 13.353 | R 13.97 | reading a
  eps res  (4.1) role    tail I 13.46 I_B 1.816 | shuffled I_B 1.767 | random I_B 1.806 | R 13.45 | reading mixed
  eps prec (0.000208) surface tail I 15.62 I_B 14.706 | shuffled I_B 14.706 | random I_B 14.706 | R 15.62 | reading mixed
  eps prec (0.000208) role    tail I 14.56 I_B 2.295 | shuffled I_B 2.295 | random I_B 2.295 | R 14.56 | reading mixed
EleutherAI/pythia-6.9b  core 2048
  eps 2    (2) surface tail I 15.62 I_B 14.706 | shuffled I_B 14.706 | random I_B 14.706 | R 15.62 | reading mixed
  eps 2    (2) role    tail I 14.56 I_B 2.295 | shuffled I_B 2.295 | random I_B 2.295 | R 14.56 | reading mixed
  eps 4    (4) surface tail I 15.62 I_B 14.704 | shuffled I_B 14.702 | random I_B 14.705 | R 15.62 | reading a
  eps 4    (4) role    tail I 14.55 I_B 2.293 | shuffled I_B 2.293 | random I_B 2.294 | R 14.55 | reading a
  eps 8    (8) surface tail I 10.62 I_B 9.737 | shuffled I_B 9.721 | random I_B 9.853 | R 10.55 | reading a
  eps 8    (8) role    tail I 10.62 I_B 0.916 | shuffled I_B 0.864 | random I_B 0.841 | R 10.57 | reading a
  eps res  (3.53) surface tail I 15.62 I_B 14.706 | shuffled I_B 14.705 | random I_B 14.706 | R 15.62 | reading a
  eps res  (3.53) role    tail I 14.56 I_B 2.295 | shuffled I_B 2.294 | random I_B 2.295 | R 14.56 | reading a
  eps prec (0.000208) surface tail I 15.62 I_B 14.706 | shuffled I_B 14.706 | random I_B 14.706 | R 15.62 | reading mixed
  eps prec (0.000208) role    tail I 14.56 I_B 2.295 | shuffled I_B 2.295 | random I_B 2.295 | R 14.56 | reading mixed
EleutherAI/pythia-12b  core 2048
  eps 2    (2) surface tail I 15.62 I_B 14.706 | shuffled I_B 14.706 | random I_B 14.706 | R 15.62 | reading mixed
  eps 2    (2) role    tail I 14.56 I_B 2.295 | shuffled I_B 2.295 | random I_B 2.295 | R 14.56 | reading mixed
  eps 4    (4) surface tail I 15.62 I_B 14.706 | shuffled I_B 14.706 | random I_B 14.706 | R 15.62 | reading a
  eps 4    (4) role    tail I 14.56 I_B 2.295 | shuffled I_B 2.295 | random I_B 2.295 | R 14.56 | reading a
  eps 8    (8) surface tail I 13.95 I_B 13.047 | shuffled I_B 13.121 | random I_B 13.182 | R 13.92 | reading a
  eps 8    (8) role    tail I 13.42 I_B 1.754 | shuffled I_B 1.744 | random I_B 1.749 | R 13.38 | reading a
  eps res  (3.69) surface tail I 15.62 I_B 14.706 | shuffled I_B 14.706 | random I_B 14.706 | R 15.62 | reading a
  eps res  (3.69) role    tail I 14.56 I_B 2.295 | shuffled I_B 2.295 | random I_B 2.295 | R 14.56 | reading a
  eps prec (0.000208) surface tail I 15.62 I_B 14.706 | shuffled I_B 14.706 | random I_B 14.706 | R 15.62 | reading mixed
  eps prec (0.000208) role    tail I 14.56 I_B 2.295 | shuffled I_B 2.295 | random I_B 2.295 | R 14.56 | reading mixed
# What the input tail resolves on its own (Pythia 1.4B-12B)

Basis: unweighted principal directions; core = top k*(0.1); sigma = eps * s (s from the full table).
eps res / prec = pinned noise (definitions.md 1.10). ± = one standard error (4,000 draws).
Shuffled: mean over 5 permutations (range in brackets). Reading: decision rule in tail_identity.py.

## Classes: surface variant

| Model | eps | I(core) | I(tail) | I(full) | R | tail I_B | shuffled I_B | random I_B | tail I_W | reading |
|---|---|---|---|---|---|---|---|---|---|---|
| pythia-1.4b | 2 | 15.603 ± 0.005 | 15.574 ± 0.009 | 15.607 ± 0.004 | 15.570 ± 0.010 | 14.662 ± 0.009 | 14.666 [14.660, 14.670] | 14.704 ± 0.001 | 0.912 ± 0.000 | a |
| pythia-1.4b | 4 | 15.585 ± 0.008 | 10.259 ± 0.071 | 15.588 ± 0.007 | 10.256 ± 0.072 | 9.396 ± 0.071 | 9.492 [9.400, 9.545] | 9.729 ± 0.068 | 0.863 ± 0.007 | a |
| pythia-1.4b | 8 | 14.468 ± 0.042 | 2.710 ± 0.044 | 14.934 ± 0.033 | 2.244 ± 0.044 | 2.186 ± 0.043 | 2.203 [2.165, 2.255] | 2.316 ± 0.042 | 0.523 ± 0.017 | a |
| pythia-1.4b | res 3.96 | 15.585 ± 0.008 | 10.424 ± 0.071 | 15.588 ± 0.007 | 10.421 ± 0.071 | 9.559 ± 0.070 | 9.653 [9.560, 9.706] | 9.894 ± 0.068 | 0.865 ± 0.007 | a |
| pythia-1.4b | prec 0.000207 | 15.618 ± 0.000 | 15.618 ± 0.000 | 15.618 ± 0.000 | 15.618 ± 0.000 | 14.706 ± 0.000 | 14.706 [14.706, 14.706] | 14.706 ± 0.000 | 0.912 ± 0.000 | mixed |
| pythia-2.8b | 2 | 15.613 ± 0.002 | 15.610 ± 0.003 | 15.617 ± 0.000 | 15.606 ± 0.003 | 14.698 ± 0.003 | 14.696 [14.692, 14.700] | 14.706 ± 0.000 | 0.912 ± 0.000 | a |
| pythia-2.8b | 4 | 15.591 ± 0.006 | 14.214 ± 0.045 | 15.599 ± 0.005 | 14.206 ± 0.046 | 13.308 ± 0.045 | 13.301 [13.231, 13.353] | 13.582 ± 0.040 | 0.906 ± 0.002 | a |
| pythia-2.8b | 8 | 15.044 ± 0.030 | 4.855 ± 0.060 | 15.392 ± 0.020 | 4.506 ± 0.061 | 4.173 ± 0.058 | 4.128 [4.080, 4.178] | 4.201 ± 0.057 | 0.682 ± 0.014 | a |
| pythia-2.8b | res 4.1 | 15.590 ± 0.006 | 13.978 ± 0.049 | 15.598 ± 0.005 | 13.970 ± 0.049 | 13.073 ± 0.049 | 13.065 [12.999, 13.116] | 13.353 ± 0.043 | 0.905 ± 0.002 | a |
| pythia-2.8b | prec 0.000208 | 15.618 ± 0.000 | 15.618 ± 0.000 | 15.618 ± 0.000 | 15.618 ± 0.000 | 14.706 ± 0.000 | 14.706 [14.706, 14.706] | 14.706 ± 0.000 | 0.912 ± 0.000 | mixed |
| pythia-6.9b | 2 | 15.618 ± 0.000 | 15.618 ± 0.000 | 15.618 ± 0.000 | 15.618 ± 0.000 | 14.706 ± 0.000 | 14.706 [14.706, 14.706] | 14.706 ± 0.000 | 0.912 ± 0.000 | mixed |
| pythia-6.9b | 4 | 15.618 ± 0.000 | 15.616 ± 0.001 | 15.618 ± 0.000 | 15.616 ± 0.001 | 14.704 ± 0.001 | 14.702 [14.700, 14.705] | 14.705 ± 0.001 | 0.912 ± 0.000 | a |
| pythia-6.9b | 8 | 15.546 ± 0.011 | 10.617 ± 0.071 | 15.609 ± 0.003 | 10.553 ± 0.072 | 9.737 ± 0.071 | 9.721 [9.673, 9.773] | 9.853 ± 0.070 | 0.880 ± 0.006 | a |
| pythia-6.9b | res 3.53 | 15.618 ± 0.000 | 15.618 ± 0.000 | 15.618 ± 0.000 | 15.618 ± 0.000 | 14.706 ± 0.000 | 14.705 [14.705, 14.706] | 14.706 ± 0.000 | 0.912 ± 0.000 | a |
| pythia-6.9b | prec 0.000208 | 15.618 ± 0.000 | 15.618 ± 0.000 | 15.618 ± 0.000 | 15.618 ± 0.000 | 14.706 ± 0.000 | 14.706 [14.706, 14.706] | 14.706 ± 0.000 | 0.912 ± 0.000 | mixed |
| pythia-12b | 2 | 15.618 ± 0.000 | 15.618 ± 0.000 | 15.618 ± 0.000 | 15.618 ± 0.000 | 14.706 ± 0.000 | 14.706 [14.706, 14.706] | 14.706 ± 0.000 | 0.912 ± 0.000 | mixed |
| pythia-12b | 4 | 15.618 ± 0.000 | 15.618 ± 0.000 | 15.618 ± 0.000 | 15.618 ± 0.000 | 14.706 ± 0.000 | 14.706 [14.706, 14.706] | 14.706 ± 0.000 | 0.912 ± 0.000 | a |
| pythia-12b | 8 | 15.580 ± 0.008 | 13.954 ± 0.048 | 15.614 ± 0.002 | 13.920 ± 0.049 | 13.047 ± 0.048 | 13.121 [13.081, 13.160] | 13.182 ± 0.046 | 0.907 ± 0.001 | a |
| pythia-12b | res 3.69 | 15.618 ± 0.000 | 15.618 ± 0.000 | 15.618 ± 0.000 | 15.618 ± 0.000 | 14.706 ± 0.000 | 14.706 [14.706, 14.706] | 14.706 ± 0.000 | 0.912 ± 0.000 | a |
| pythia-12b | prec 0.000208 | 15.618 ± 0.000 | 15.618 ± 0.000 | 15.618 ± 0.000 | 15.618 ± 0.000 | 14.706 ± 0.000 | 14.706 [14.706, 14.706] | 14.706 ± 0.000 | 0.912 ± 0.000 | mixed |

## Classes: grammatical role

| Model | eps | I(core) | I(tail) | I(full) | R | tail I_B | shuffled I_B | random I_B | tail I_W | reading |
|---|---|---|---|---|---|---|---|---|---|---|
| pythia-1.4b | 2 | 14.533 ± 0.005 | 14.501 ± 0.009 | 14.545 ± 0.003 | 14.490 ± 0.011 | 2.283 ± 0.003 | 2.282 [2.276, 2.288] | 2.295 ± 0.000 | 12.218 ± 0.008 | a |
| pythia-1.4b | 4 | 14.502 ± 0.009 | 10.289 ± 0.068 | 14.508 ± 0.009 | 10.282 ± 0.068 | 0.860 ± 0.025 | 0.823 [0.810, 0.844] | 0.812 ± 0.026 | 9.429 ± 0.057 | a |
| pythia-1.4b | 8 | 13.603 ± 0.038 | 2.878 ± 0.046 | 14.026 ± 0.029 | 2.454 ± 0.045 | 0.071 ± 0.023 | 0.059 [0.055, 0.064] | 0.060 ± 0.023 | 2.807 ± 0.051 | a |
| pythia-1.4b | res 3.96 | 14.503 ± 0.009 | 10.434 ± 0.068 | 14.509 ± 0.008 | 10.428 ± 0.068 | 0.893 ± 0.025 | 0.858 [0.844, 0.878] | 0.846 ± 0.026 | 9.541 ± 0.056 | a |
| pythia-1.4b | prec 0.000207 | 14.555 ± 0.000 | 14.555 ± 0.000 | 14.555 ± 0.000 | 14.555 ± 0.000 | 2.295 ± 0.000 | 2.295 [2.295, 2.295] | 2.295 ± 0.000 | 12.261 ± 0.000 | mixed |
| pythia-2.8b | 2 | 14.543 ± 0.004 | 14.538 ± 0.005 | 14.554 ± 0.000 | 14.527 ± 0.006 | 2.295 ± 0.000 | 2.292 [2.290, 2.294] | 2.295 ± 0.000 | 12.244 ± 0.005 | a |
| pythia-2.8b | 4 | 14.507 ± 0.009 | 13.634 ± 0.037 | 14.520 ± 0.007 | 13.621 ± 0.038 | 1.881 ± 0.018 | 1.840 [1.819, 1.863] | 1.887 ± 0.017 | 11.752 ± 0.026 | mixed |
| pythia-2.8b | 8 | 14.047 ± 0.028 | 5.110 ± 0.061 | 14.382 ± 0.016 | 4.774 ± 0.061 | 0.168 ± 0.023 | 0.126 [0.118, 0.133] | 0.103 ± 0.024 | 4.941 ± 0.061 | a |
| pythia-2.8b | res 4.1 | 14.506 ± 0.009 | 13.463 ± 0.040 | 14.518 ± 0.008 | 13.451 ± 0.041 | 1.816 ± 0.019 | 1.767 [1.748, 1.791] | 1.806 ± 0.018 | 11.647 ± 0.028 | mixed |
| pythia-2.8b | prec 0.000208 | 14.555 ± 0.000 | 14.555 ± 0.000 | 14.555 ± 0.000 | 14.555 ± 0.000 | 2.295 ± 0.000 | 2.295 [2.295, 2.295] | 2.295 ± 0.000 | 12.261 ± 0.000 | mixed |
| pythia-6.9b | 2 | 14.555 ± 0.000 | 14.555 ± 0.000 | 14.555 ± 0.000 | 14.555 ± 0.000 | 2.295 ± 0.000 | 2.295 [2.295, 2.295] | 2.295 ± 0.000 | 12.261 ± 0.000 | mixed |
| pythia-6.9b | 4 | 14.555 ± 0.000 | 14.553 ± 0.001 | 14.555 ± 0.000 | 14.553 ± 0.001 | 2.293 ± 0.001 | 2.293 [2.291, 2.294] | 2.294 ± 0.001 | 12.260 ± 0.001 | a |
| pythia-6.9b | 8 | 14.486 ± 0.010 | 10.624 ± 0.066 | 14.542 ± 0.004 | 10.568 ± 0.067 | 0.916 ± 0.026 | 0.864 [0.852, 0.877] | 0.841 ± 0.025 | 9.708 ± 0.054 | a |
| pythia-6.9b | res 3.53 | 14.555 ± 0.000 | 14.555 ± 0.000 | 14.555 ± 0.000 | 14.555 ± 0.000 | 2.295 ± 0.000 | 2.294 [2.294, 2.295] | 2.295 ± 0.000 | 12.261 ± 0.000 | a |
| pythia-6.9b | prec 0.000208 | 14.555 ± 0.000 | 14.555 ± 0.000 | 14.555 ± 0.000 | 14.555 ± 0.000 | 2.295 ± 0.000 | 2.295 [2.295, 2.295] | 2.295 ± 0.000 | 12.261 ± 0.000 | mixed |
| pythia-12b | 2 | 14.555 ± 0.000 | 14.555 ± 0.000 | 14.555 ± 0.000 | 14.555 ± 0.000 | 2.295 ± 0.000 | 2.295 [2.295, 2.295] | 2.295 ± 0.000 | 12.261 ± 0.000 | mixed |
| pythia-12b | 4 | 14.555 ± 0.000 | 14.555 ± 0.000 | 14.555 ± 0.000 | 14.555 ± 0.000 | 2.295 ± 0.000 | 2.295 [2.295, 2.295] | 2.295 ± 0.000 | 12.261 ± 0.000 | a |
| pythia-12b | 8 | 14.514 ± 0.008 | 13.416 ± 0.040 | 14.548 ± 0.003 | 13.382 ± 0.041 | 1.754 ± 0.020 | 1.744 [1.719, 1.767] | 1.749 ± 0.020 | 11.662 ± 0.028 | a |
| pythia-12b | res 3.69 | 14.555 ± 0.000 | 14.555 ± 0.000 | 14.555 ± 0.000 | 14.555 ± 0.000 | 2.295 ± 0.000 | 2.295 [2.295, 2.295] | 2.295 ± 0.000 | 12.261 ± 0.000 | a |
| pythia-12b | prec 0.000208 | 14.555 ± 0.000 | 14.555 ± 0.000 | 14.555 ± 0.000 | 14.555 ± 0.000 | 2.295 ± 0.000 | 2.295 [2.295, 2.295] | 2.295 ± 0.000 | 12.261 ± 0.000 | mixed |

H(V), H(G) per view: pythia-1.4b surface 15.62/14.71, role 14.56/2.29; pythia-2.8b surface 15.62/14.71, role 14.56/2.29; pythia-6.9b surface 15.62/14.71, role 14.56/2.29; pythia-12b surface 15.62/14.71, role 14.56/2.29
